---
source: tests/test.rs
expression: run_result.output

---
(HOST) INFO  flashing program (6.57 KiB)
(HOST) INFO  success!
────────────────────────────────────────────────────────────────────────────────
ERROR panicked at 'explicit panic'
────────────────────────────────────────────────────────────────────────────────
(HOST) ERROR the program panicked

